exports[`test Click button to show project list 1`] = `
<div
  className="create-invoice panel panel-default">
  <div
    className="panel-body">
    <button
      className="btn btn-block btn-success btn-raised"
      onClick={[Function onClick]}>
      New Invoice
    </button>
  </div>
</div>
`;

exports[`test Click button to show project list 2`] = `
<div
  className="create-invoice panel panel-default">
  <div
    className="panel-body">
    <div
      className="new-invoice-project-selector">
      <div
        className="close-action">
        <h5>
          Select Project
        </h5>
        <a
          className="btn btn-default btn-xs"
          onClick={[Function onCancel]}>
          <i
            className="material-icons">
            close
          </i>
          <div
            className="ripple-container" />
        </a>
      </div>
      <hr />
      <ul />
      <hr />
      <div
        className="vat-added">
        <label>
          <input
            checked={true}
            onChange={[Function onChange]}
            type="checkbox" />
          Add VAT
        </label>
      </div>
      <button
        className="btn btn-block btn-success btn-raised"
        onClick={[Function onClick]}>
        Create Invoice
      </button>
    </div>
  </div>
</div>
`;
